
*******************************
********** Parsed file ********
*******************************
open Format
val show_current_event : formatter -> unit
val show_current_frame : formatter -> bool -> unit
val show_one_frame : int -> formatter -> Instruct.debug_event -> unit

*******************************
****** GOSPEL translation *****
*******************************
(*@ open Gospelstdlib *)

open Format

val show_current_event : formatter -> unit


val show_current_frame : formatter -> bool -> unit


val show_one_frame : int -> formatter -> Instruct.debug_event -> unit

gospel: internal error, uncaught exception:
        File "gospel/src/typing.ml", line 515, characters 22-28: Assertion failed
        
