
*******************************
********** Parsed file ********
*******************************
type value = string
type exporter = value -> string
type t
val compare : t -> t -> int
exception Empty_variable_name 
exception Variable_already_registered of string 
exception No_such_variable of string 
val make : (string * string) -> t
val make_with_exporter : exporter -> (string * string) -> t
val name_of_variable : t -> string
val description_of_variable : t -> string
val register_variable : t -> unit
val find_variable : string -> t option
val string_of_binding : t -> value -> string
val get_registered_variables : unit -> t list

*******************************
****** GOSPEL translation *****
*******************************
(*@ open Gospelstdlib *)

type value = string
  

type exporter = value -> string
  

type t
  

val compare : t -> t -> int


exception Empty_variable_name 

exception Variable_already_registered of string 

exception No_such_variable of string 

val make : (string * string) -> t


val make_with_exporter : exporter -> (string * string) -> t


val name_of_variable : t -> string


val description_of_variable : t -> string


val register_variable : t -> unit


val find_variable : string -> t option


val string_of_binding : t -> value -> string


val get_registered_variables : unit -> t list

gospel: internal error, uncaught exception:
        File "gospel/src/typing.ml", line 425, characters 7-13: Assertion failed
        
