
*******************************
********** Parsed file ********
*******************************
type 'a voption = [ `None  | `Some of 'a ]

*******************************
****** GOSPEL translation *****
*******************************
(*@ open Gospelstdlib *)

type 'a voption = [ `None  | `Some of 'a ]
  
gospel: internal error, uncaught exception:
        File "gospel/ocaml-lib/typing.ml", line 447, characters 11-17: Assertion failed
        
