
*******************************
********** Parsed file ********
*******************************
type call =
  | Tail 
  | Stack 
  | Inline 
type ident =
  | Iref_internal of Location.t 
  | Iref_external 
  | Idef of Location.t 

*******************************
****** GOSPEL translation *****
*******************************
(*@ open Gospelstdlib *)

type call =
| Tail 
| Stack 
| Inline 
  

type ident =
| Iref_internal of Location.t 
| Iref_external 
| Idef of Location.t 
  
gospel: internal error, uncaught exception:
        File "gospel/ocaml-lib/typing.ml", line 515, characters 22-28: Assertion failed
        
