
*******************************
********** Parsed file ********
*******************************
[@@@ocaml.warning "+a-4-9-30-40-41-42"]
[@@@ocaml.text
  " Assign numerical offsets, within closure blocks, for code pointers and\n    environment entries. "]
type result = private
  {
  function_offsets: int Closure_id.Map.t ;
  free_variable_offsets: int Var_within_closure.Map.t }
val compute : Flambda.program -> result

*******************************
****** GOSPEL translation *****
*******************************
(*@ open Gospelstdlib *)

[@@@ocaml.warning "+a-4-9-30-40-41-42"]

[@@@ocaml.text
  " Assign numerical offsets, within closure blocks, for code pointers and\n    environment entries. "]

type result = private
{
function_offsets: int Closure_id.Map.t ;
free_variable_offsets: int Var_within_closure.Map.t }
  

val compute : Flambda.program -> result

File "closure_offsets.mli", line 23, characters 25-41:
Error: Symbol Closure_id.Map.t not found
