
*******************************
********** Parsed file ********
*******************************
[@@@ocaml.warning "+a-4-9-30-40-41-42"]
type flambda_kind =
  | Normal 
  | Lifted 
val check_exn :
  ?kind:flambda_kind -> ?cmxfile:bool -> Flambda.program -> unit[@@ocaml.doc
                                                                  " Checking of invariants on Flambda expressions.  Raises an exception if\n    a check fails. "]

*******************************
****** GOSPEL translation *****
*******************************
(*@ open Gospelstdlib *)

[@@@ocaml.warning "+a-4-9-30-40-41-42"]

type flambda_kind =
| Normal 
| Lifted 
  

val check_exn :
  ?kind:flambda_kind -> ?cmxfile:bool -> Flambda.program -> unit[@@ocaml.doc
                                                                  " Checking of invariants on Flambda expressions.  Raises an exception if\n    a check fails. "]


*******************************
********* Typed GOSPEL ********
*******************************
module flambda_invariants.mli

  Namespace: flambda_invariants.mli
    Type symbols
       flambda_kind
      
    Logic Symbols
      function Lifted  : flambda_kind
      function Normal  : flambda_kind
      
    Exception Symbols
      
    Namespaces
      
    Type Namespaces
      
  Signatures
    (*@ open Gospelstdlib *)
    
    [@@@ocaml.warning "+a-4-9-30-40-41-42"]
    
    type flambda_kind = Normal of 
                        function Normal  : flambda_kind
                     | Lifted of 
                       function Lifted  : flambda_kind
    
    
    val check_exn :
    ?kind:flambda_kind -> ?cmxfile:bool -> Flambda.program -> unit[@@ocaml.doc
                                                                    " Checking of invariants on Flambda expressions.  Raises an exception if\n    a check fails. "]
    


*** OK ***

