
*******************************
********** Parsed file ********
*******************************
val fundecl : Mach.fundecl -> (Mach.fundecl * bool)

*******************************
****** GOSPEL translation *****
*******************************
(*@ open Gospelstdlib *)

val fundecl : Mach.fundecl -> (Mach.fundecl * bool)


*******************************
********* Typed GOSPEL ********
*******************************
module reload.mli

  Namespace: reload.mli
    Type symbols
      
    Logic Symbols
      
    Exception Symbols
      
    Namespaces
      
    Type Namespaces
      
  Signatures
    (*@ open Gospelstdlib *)
    
    val fundecl : Mach.fundecl -> (Mach.fundecl * bool)
    


*** OK ***

