
*******************************
********** Parsed file ********
*******************************
val f : ?y:int -> int -> int[@@gospel  r = f y x ]

*******************************
****** GOSPEL translation *****
*******************************
(*@ open Gospelstdlib *)

val f : ?y:int -> int -> int
(*@ r  = f  y  x 
     *)
File "t22.mli", line 12, characters 10-11:
Error: Type checking error: parameter do not match with val type
